[Intervention]
AP_883
AP_817
AP_749
AP_1019
AP_615
AP_869
AP_794
AP_695
AP_850
AP_845
AP_757
AP_901
AP_748
AP_629
AP_884
AP_761
AP_1014
AP_868
AP_889
AP_837

[Control]
AP_883
AP_817
AP_749
AP_1019
AP_615
AP_869
AP_794
AP_695
AP_850
AP_845
AP_757
AP_901
AP_748
AP_629
AP_884
AP_761
AP_1014
AP_868
AP_889
AP_837

[DynamicBook]
BOOK

[DinoIntervention]
dino2

[DinoControl]
dino2

[DinoTest]
PD01?question.type=infer+fok
PC01?question.type=differentiate+fok
PF01?question.type=identify+fok


[TestA]
PD_05?question.type=infer+fok
PF_14?question.type=identify+fok
PD_19?question.type=infer+fok
PC_23?question.type=differentiate+fok
PC_02?question.type=differentiate+fok
PD_11?question.type=infer+fok
PF_21?question.type=identify+fok
PD_08?question.type=infer+fok
PC_06?question.type=differentiate+fok
PF_18?question.type=identify+fok
PF_07?question.type=identify+fok
PC_10?question.type=differentiate+fok
PC_14?question.type=differentiate+fok
PF_24?question.type=identify+fok
PD_24?question.type=infer+fok
PD_15?question.type=infer+fok
PC_18?question.type=differentiate+fok
PF_03?question.type=identify+fok
PC_11?question.type=differentiate+fok
PD_09?question.type=infer+fok
PC_16?question.type=differentiate+fok
PF_13?question.type=identify+fok
PF_09?question.type=identify+fok
PD_22?question.type=infer+fok

[TestB]
PF_16?question.type=identify+fok
PD_21?question.type=infer+fok
PD_12?question.type=infer+fok
PF_01?question.type=identify+fok
PC_04?question.type=differentiate+fok
PD_02?question.type=infer+fok
PC_20?question.type=differentiate+fok
PF_25?question.type=identify+fok
PD_16?question.type=infer+fok
PC_21?question.type=differentiate+fok
PD_23?question.type=infer+fok
PF_20?question.type=identify+fok
PF_06?question.type=identify+fok
PD_04?question.type=infer+fok
PC_08?question.type=differentiate+fok
PD_25?question.type=infer+fok
PC_01?question.type=differentiate+fok
PF_12?question.type=identify+fok
PC_13?question.type=differentiate+fok
PF_23?question.type=identify+fok
PD_13?question.type=infer+fok
PC_12?question.type=differentiate+fok
PF_04?question.type=identify+fok
PC_24?question.type=differentiate+fok

[TestC]
PC_22?question.type=differentiate+fok
PD_20?question.type=infer+fok
PD_01?question.type=infer+fok
PF_11?question.type=identify+fok
PD_10?question.type=infer+fok
PC_03?question.type=differentiate+fok
PC_15?question.type=differentiate+fok
PF_26?question.type=identify+fok
PD_14?question.type=infer+fok
PF_05?question.type=identify+fok
PC_09?question.type=differentiate+fok
PD_03?question.type=infer+fok
PF_22?question.type=identify+fok
PF_17?question.type=identify+fok
PC_17?question.type=differentiate+fok
PD_18?question.type=infer+fok
PC_07?question.type=differentiate+fok
PF_10?question.type=identify+fok
PC_19?question.type=differentiate+fok
PD_17?question.type=infer+fok
PF_15?question.type=identify+fok
PD_06?question.type=infer+fok
PC_05?question.type=differentiate+fok
PF_08?question.type=identify+fok

